// Jest Snapshot v1, https://goo.gl/fbAQLP

exports[`SeverityLevels store utils getProjectData takes a project and its most severe vulnerability type and returns the data used to render the project 1`] = `
Object {
  "id": "id",
  "mostSevere": Object {
    "count": null,
    "name": "bar",
  },
  "name": "full_name",
  "path": "full_path",
}
`;

exports[`SeverityLevels store utils groupBySeverityLevel takes an array of projects containing vulnerability data and groups them by severity level 1`] = `
Array [
  Object {
    "description": "Projects with critical vulnerabilities",
    "name": "F",
    "projects": Array [
      Object {
        "id": "id",
        "mostSevere": Object {
          "count": 1,
          "name": "critical",
        },
        "name": "full_name",
        "path": "full_path",
      },
    ],
    "warning": "Critical vulnerabilities present",
  },
  Object {
    "description": "Projects with high or unknown vulnerabilities",
    "name": "D",
    "projects": Array [
      Object {
        "id": "id",
        "mostSevere": Object {
          "count": 1,
          "name": "high",
        },
        "name": "full_name",
        "path": "full_path",
      },
      Object {
        "id": "id",
        "mostSevere": Object {
          "count": 1,
          "name": "unknown",
        },
        "name": "full_name",
        "path": "full_path",
      },
    ],
    "warning": "High or unknown vulnerabilities present",
  },
  Object {
    "description": "Projects with medium vulnerabilities",
    "name": "C",
    "projects": Array [
      Object {
        "id": "id",
        "mostSevere": Object {
          "count": 1,
          "name": "medium",
        },
        "name": "full_name",
        "path": "full_path",
      },
    ],
    "warning": "Medium vulnerabilities present",
  },
  Object {
    "description": "Projects with low vulnerabilities",
    "name": "B",
    "projects": Array [
      Object {
        "id": "id",
        "mostSevere": Object {
          "count": 1,
          "name": "low",
        },
        "name": "full_name",
        "path": "full_path",
      },
    ],
    "warning": "Low vulnerabilities present",
  },
  Object {
    "description": "Projects with no vulnerabilities and security scanning enabled",
    "name": "A",
    "projects": Array [
      Object {
        "id": "id",
        "mostSevere": Object {
          "count": null,
          "name": "none",
        },
        "name": "full_name",
        "path": "full_path",
      },
    ],
    "warning": "No vulnerabilities present",
  },
]
`;
